[dotenv@17.2.1] injecting env (0) from .env -- tip: 🔐 prevent committing .env to code: https://dotenvx.com/precommit
Migrated 7 legacy chat messages to JSONL.
🚀 Server API Bot MRC berjalan di port 3000
{"level":30,"time":"2026-09-09T00:49:33.786Z","pid":3212,"hostname":"Alfa","class":"baileys","browser":["Ubuntu","Chrome","22.04.4"],"helloMsg":{"clientHello":{"ephemeral":"XvO79dVjIxstpV/74ilOT90jtjnu+R9R9EEi4lJAJF8="}},"msg":"connected to WA"}
{"level":30,"time":"2026-09-09T00:49:34.048Z","pid":3212,"hostname":"Alfa","class":"baileys","node":{"username":"62895320331463","passive":false,"userAgent":{"platform":"WEB","appVersion":{"primary":2,"secondary":3000,"tertiary":1043857760},"mcc":"000","mnc":"000","osVersion":"0.1","device":"Desktop","osBuildNumber":"0.1","releaseChannel":"RELEASE","localeLanguageIso6391":"en","localeCountryIso31661Alpha2":"US"},"webInfo":{"webSubPlatform":"WEB_BROWSER"},"connectType":"WIFI_UNKNOWN","connectReason":"USER_ACTIVATED","device":2,"pull":true},"msg":"logging in..."}
{"level":30,"time":"2026-09-09T00:49:35.186Z","pid":3212,"hostname":"Alfa","class":"baileys","msg":"handled 0 offline messages/notifications"}
{"level":30,"time":"2026-09-09T00:49:35.254Z","pid":3212,"hostname":"Alfa","class":"baileys","msg":"14 pre-keys found on server"}
{"level":30,"time":"2026-09-09T00:49:35.480Z","pid":3212,"hostname":"Alfa","class":"baileys","msg":"opened connection to WA"}
✅ Bot WhatsApp MRC siap!
{"level":50,"time":"2026-09-09T00:50:35.485Z","pid":3212,"hostname":"Alfa","class":"baileys","err":{"type":"Error","message":"Timed Out","stack":"Error: Timed Out\n    at C:\\mrc\\mrc-bot\\node_modules\\@whiskeysockets\\baileys\\lib\\Utils\\generics.js:151:32","data":{"stack":"Error\n    at promiseTimeout (C:\\mrc\\mrc-bot\\node_modules\\@whiskeysockets\\baileys\\lib\\Utils\\generics.js:146:19)\n    at waitForMessage (C:\\mrc\\mrc-bot\\node_modules\\@whiskeysockets\\baileys\\lib\\Socket\\socket.js:120:61)\n    at query (C:\\mrc\\mrc-bot\\node_modules\\@whiskeysockets\\baileys\\lib\\Socket\\socket.js:144:13)\n    at fetchProps (C:\\mrc\\mrc-bot\\node_modules\\@whiskeysockets\\baileys\\lib\\Socket\\chats.js:629:34)\n    at executeInitQueries (C:\\mrc\\mrc-bot\\node_modules\\@whiskeysockets\\baileys\\lib\\Socket\\chats.js:733:13)\n    at EventEmitter.<anonymous> (C:\\mrc\\mrc-bot\\node_modules\\@whiskeysockets\\baileys\\lib\\Socket\\chats.js:825:17)\n    at EventEmitter.emit (node:events:520:35)\n    at EventEmitter.<anonymous> (C:\\mrc\\mrc-bot\\node_modules\\@whiskeysockets\\baileys\\lib\\Utils\\event-buffer.js:40:16)\n    at EventEmitter.emit (node:events:508:28)\n    at Object.emit (C:\\mrc\\mrc-bot\\node_modules\\@whiskeysockets\\baileys\\lib\\Utils\\event-buffer.js:94:23)"},"isBoom":true,"isServer":false,"output":{"statusCode":408,"payload":{"statusCode":408,"error":"Request Time-out","message":"Timed Out"},"headers":{}}},"msg":"unexpected error in 'init queries'"}
Closing session: SessionEntry {
  _chains: {
    'BQsw+9hfH20yFb9L1XvBOcoCZ5r0osoFzlB8czJjDGpO': { chainKey: [Object], chainType: 1, messageKeys: {} }
  },
  registrationId: 1296680715,
  currentRatchet: {
    ephemeralKeyPair: {
      pubKey: <Buffer 05 0b 30 fb d8 5f 1f 6d 32 15 bf 4b d5 7b c1 39 ca 02 67 9a f4 a2 ca 05 ce 50 7c 73 32 63 0c 6a 4e>,
      privKey: <Buffer c8 ab 18 3e 1c f8 08 83 a3 16 d5 f1 fc 2e 54 7b 8c aa ad 35 6a b0 e5 21 99 42 33 8b 5b c7 5d 5c>
    },
    lastRemoteEphemeralKey: <Buffer 05 43 36 b9 14 bc 6a 52 68 d1 a2 ad d0 36 9d c5 96 43 c4 48 dc e3 1b e9 9e 83 31 4e cd 9e 10 3d 1d>,
    previousCounter: 0,
    rootKey: <Buffer 9c e3 07 11 29 49 19 49 ca da d4 0e ff 8d 86 ec b8 76 77 4e 60 be 9f fd c8 bb c9 af 9f 86 bd a0>
  },
  indexInfo: {
    baseKey: <Buffer 05 94 63 1d b3 b5 8d 99 50 5c c9 de de 02 f1 49 2e 9a 7e 1d 8f 7b ee 6c 53 0e 00 d0 c1 a4 91 19 32>,
    baseKeyType: 1,
    closed: -1,
    used: 1788913169362,
    created: 1788913169362,
    remoteIdentityKey: <Buffer 05 f4 6e 0d d5 2a 26 3f d0 6c 87 38 64 c0 e2 fa 59 1b 42 fa 41 9e 4f 6f 01 55 e9 e5 a6 58 b6 f9 70>
  },
  pendingPreKey: {
    signedKeyId: 2556321,
    baseKey: <Buffer 05 94 63 1d b3 b5 8d 99 50 5c c9 de de 02 f1 49 2e 9a 7e 1d 8f 7b ee 6c 53 0e 00 d0 c1 a4 91 19 32>,
    preKeyId: 12880210
  }
}
Closing session: SessionEntry {
  _chains: {
    BTXAnVIyr4aeCIvzbAEXCty0eC5D5vycZUlwAZ5E2M1I: { chainKey: [Object], chainType: 1, messageKeys: {} }
  },
  registrationId: 1296680715,
  currentRatchet: {
    ephemeralKeyPair: {
      pubKey: <Buffer 05 35 c0 9d 52 32 af 86 9e 08 8b f3 6c 01 17 0a dc b4 78 2e 43 e6 fc 9c 65 49 70 01 9e 44 d8 cd 48>,
      privKey: <Buffer 50 59 32 1f 00 d6 5b 41 4a 75 e5 92 70 d1 6d a1 28 cd f0 85 e4 ee 17 a7 54 fc c8 dd 90 0d 02 4e>
    },
    lastRemoteEphemeralKey: <Buffer 05 43 36 b9 14 bc 6a 52 68 d1 a2 ad d0 36 9d c5 96 43 c4 48 dc e3 1b e9 9e 83 31 4e cd 9e 10 3d 1d>,
    previousCounter: 0,
    rootKey: <Buffer a4 02 12 9f cf 1c af 49 6c 1b bb ac 8e 68 46 d2 e8 52 f5 5d af 86 bc bd 84 da ef de 98 07 ac cb>
  },
  indexInfo: {
    baseKey: <Buffer 05 aa b8 3a 6d 2c 7b 43 5d 32 20 e6 86 8f aa 77 99 7b 9c 00 58 78 51 7e 2f 2d 40 fb a8 6e 8b 7a 55>,
    baseKeyType: 1,
    closed: -1,
    used: 1788915086845,
    created: 1788915086845,
    remoteIdentityKey: <Buffer 05 f4 6e 0d d5 2a 26 3f d0 6c 87 38 64 c0 e2 fa 59 1b 42 fa 41 9e 4f 6f 01 55 e9 e5 a6 58 b6 f9 70>
  },
  pendingPreKey: {
    signedKeyId: 2556321,
    baseKey: <Buffer 05 aa b8 3a 6d 2c 7b 43 5d 32 20 e6 86 8f aa 77 99 7b 9c 00 58 78 51 7e 2f 2d 40 fb a8 6e 8b 7a 55>,
    preKeyId: 12880207
  }
}
{"level":30,"time":"2026-09-09T00:51:30.250Z","pid":3212,"hostname":"Alfa","class":"baileys","msg":"resyncing regular from v2"}
{"level":30,"time":"2026-09-09T00:51:30.746Z","pid":3212,"hostname":"Alfa","class":"baileys","msg":"synced regular to v3"}
{"level":30,"time":"2026-09-09T00:53:37.767Z","pid":3212,"hostname":"Alfa","class":"baileys","msg":"resyncing regular_low from v3"}
{"level":30,"time":"2026-09-09T00:53:38.279Z","pid":3212,"hostname":"Alfa","class":"baileys","msg":"synced regular_low to v4"}
{"level":30,"time":"2026-09-09T00:53:38.293Z","pid":3212,"hostname":"Alfa","class":"baileys","msg":"resyncing regular from v3"}
{"level":30,"time":"2026-09-09T00:53:38.860Z","pid":3212,"hostname":"Alfa","class":"baileys","msg":"synced regular to v4"}
{"level":30,"time":"2026-09-09T00:53:50.443Z","pid":3212,"hostname":"Alfa","class":"baileys","msg":"resyncing regular from v4"}
{"level":30,"time":"2026-09-09T00:53:50.903Z","pid":3212,"hostname":"Alfa","class":"baileys","msg":"synced regular to v5"}
